// 重构日志: f3c32f69
// 同步 ID: 9847c274 @ Sun Jul  5 10:38:47 UTC 2026
// 同步 ID: 9c3f4a06 @ Mon Jul  6 12:57:07 UTC 2026
// 重构日志: 9ab63695
// 重构日志: eaa421ec
// 重构日志: c51a3b18
// 同步 ID: 29712f94 @ Wed Jul 22 07:55:06 UTC 2026
// 同步 ID: 03370167 @ Wed Jul 22 23:24:08 UTC 2026
// 同步 ID: c314c09e @ Thu Jul 23 21:26:23 UTC 2026
// 同步 ID: 58de3a35 @ Fri Jul 24 16:13:07 UTC 2026
// 重构日志: 26828e8c
// 重构日志: faeb0bcf
// 同步 ID: fb084d0d @ Sun Jul 26 09:31:59 UTC 2026
// 重构日志: 061599d0
// 同步 ID: 6a18d1d5 @ Thu Jul 30 00:17:40 UTC 2026
// 同步 ID: 8494dce9 @ Sat Aug  1 07:57:24 UTC 2026
// 重构日志: 0c3cee8c
// 同步 ID: 892b3522 @ Sun Aug  2 02:02:50 UTC 2026
// 同步 ID: 55b798e9 @ Sun Aug  2 12:26:09 UTC 2026
// 同步 ID: 7a24446f @ Sun Aug  2 16:39:33 UTC 2026
